Partition Merge report for LAB11_asyCounter
Tue May 15 13:49:07 2018
Quartus Prime Version 15.1.0 Build 185 10/21/2015 SJ Standard Edition


---------------------
; Table of Contents ;
---------------------
  1. Legal Notice
  2. Partition Merge Summary
  3. Partition Merge Netlist Types Used
  4. Connections to In-System Debugging Instance "auto_signaltap_0"
  5. Partition Merge Partition Statistics
  6. Partition Merge Partition Pin Processing
  7. Partition Merge Resource Usage Summary
  8. Partition Merge RAM Summary
  9. Partition Merge Messages



----------------
; Legal Notice ;
----------------
Copyright (C) 1991-2015 Altera Corporation. All rights reserved.
Your use of Altera Corporation's design tools, logic functions 
and other software and tools, and its AMPP partner logic 
functions, and any output files from any of the foregoing 
(including device programming or simulation files), and any 
associated documentation or information are expressly subject 
to the terms and conditions of the Altera Program License 
Subscription Agreement, the Altera Quartus Prime License Agreement,
the Altera MegaCore Function License Agreement, or other 
applicable license agreement, including, without limitation, 
that your use is for the sole purpose of programming logic 
devices manufactured by Altera and sold by Altera or its 
authorized distributors.  Please refer to the applicable 
agreement for further details.



+-----------------------------------------------------------------------------------+
; Partition Merge Summary                                                           ;
+---------------------------------+-------------------------------------------------+
; Partition Merge Status          ; Successful - Tue May 15 13:49:07 2018           ;
; Quartus Prime Version           ; 15.1.0 Build 185 10/21/2015 SJ Standard Edition ;
; Revision Name                   ; LAB11_asyCounter                                ;
; Top-level Entity Name           ; Lab11                                           ;
; Family                          ; Cyclone V                                       ;
; Logic utilization (in ALMs)     ; N/A                                             ;
; Total registers                 ; 502                                             ;
; Total pins                      ; 46                                              ;
; Total virtual pins              ; 0                                               ;
; Total block memory bits         ; 512                                             ;
; Total DSP Blocks                ; 0                                               ;
; Total HSSI RX PCSs              ; 0                                               ;
; Total HSSI PMA RX Deserializers ; 0                                               ;
; Total HSSI TX PCSs              ; 0                                               ;
; Total HSSI PMA TX Serializers   ; 0                                               ;
; Total PLLs                      ; 1                                               ;
; Total DLLs                      ; 0                                               ;
+---------------------------------+-------------------------------------------------+


+-------------------------------------------------------------------------------------------------------------------------------+
; Partition Merge Netlist Types Used                                                                                            ;
+--------------------------------+----------------+-------------------+------------------------+--------------------------------+
; Partition Name                 ; Partition Type ; Netlist Type Used ; Netlist Type Requested ; Partition Contents             ;
+--------------------------------+----------------+-------------------+------------------------+--------------------------------+
; Top                            ; User-created   ; Source File       ; Post-Fit               ;                                ;
; sld_hub:auto_hub               ; Auto-generated ; Post-Synthesis    ; Post-Synthesis         ; sld_hub:auto_hub               ;
; sld_signaltap:auto_signaltap_0 ; Auto-generated ; Post-Synthesis    ; Post-Synthesis         ; sld_signaltap:auto_signaltap_0 ;
; hard_block:auto_generated_inst ; Auto-generated ; Source File       ; Source File            ; hard_block:auto_generated_inst ;
+--------------------------------+----------------+-------------------+------------------------+--------------------------------+


+------------------------------------------------------------------------------------------------------------------------------------------------------------------------------------------------------------------------------------------------------------------------------------------------------------------------------------------------------+
; Connections to In-System Debugging Instance "auto_signaltap_0"                                                                                                                                                                                                                                                                                       ;
+----------------------------------------------------------------------------------+--------------+-----------+--------------------------------+-------------------+--------------------------------------------------------------------------+--------------------------------------------------------------------------------------------------------+
; Name                                                                             ; Type         ; Status    ; Partition Name                 ; Netlist Type Used ; Actual Connection                                                        ; Details                                                                                                ;
+----------------------------------------------------------------------------------+--------------+-----------+--------------------------------+-------------------+--------------------------------------------------------------------------+--------------------------------------------------------------------------------------------------------+
; KEY0                                                                             ; post-fitting ; connected ; Top                            ; post-synthesis    ; KEY0                                                                     ; N/A                                                                                                    ;
; KEY0                                                                             ; post-fitting ; connected ; Top                            ; post-synthesis    ; KEY0                                                                     ; N/A                                                                                                    ;
; KEY3                                                                             ; post-fitting ; connected ; Top                            ; post-synthesis    ; KEY3                                                                     ; N/A                                                                                                    ;
; KEY3                                                                             ; post-fitting ; connected ; Top                            ; post-synthesis    ; KEY3                                                                     ; N/A                                                                                                    ;
; SW[0]                                                                            ; post-fitting ; connected ; Top                            ; post-synthesis    ; SW[0]                                                                    ; N/A                                                                                                    ;
; SW[0]                                                                            ; post-fitting ; connected ; Top                            ; post-synthesis    ; SW[0]                                                                    ; N/A                                                                                                    ;
; auto_signaltap_0|gnd                                                             ; post-fitting ; connected ; sld_signaltap:auto_signaltap_0 ; post-synthesis    ; sld_signaltap:auto_signaltap_0|~GND                                      ; N/A                                                                                                    ;
; auto_signaltap_0|gnd                                                             ; post-fitting ; connected ; sld_signaltap:auto_signaltap_0 ; post-synthesis    ; sld_signaltap:auto_signaltap_0|~GND                                      ; N/A                                                                                                    ;
; auto_signaltap_0|gnd                                                             ; post-fitting ; connected ; sld_signaltap:auto_signaltap_0 ; post-synthesis    ; sld_signaltap:auto_signaltap_0|~GND                                      ; N/A                                                                                                    ;
; auto_signaltap_0|gnd                                                             ; post-fitting ; connected ; sld_signaltap:auto_signaltap_0 ; post-synthesis    ; sld_signaltap:auto_signaltap_0|~GND                                      ; N/A                                                                                                    ;
; auto_signaltap_0|gnd                                                             ; post-fitting ; connected ; sld_signaltap:auto_signaltap_0 ; post-synthesis    ; sld_signaltap:auto_signaltap_0|~GND                                      ; N/A                                                                                                    ;
; auto_signaltap_0|gnd                                                             ; post-fitting ; connected ; sld_signaltap:auto_signaltap_0 ; post-synthesis    ; sld_signaltap:auto_signaltap_0|~GND                                      ; N/A                                                                                                    ;
; auto_signaltap_0|gnd                                                             ; post-fitting ; connected ; sld_signaltap:auto_signaltap_0 ; post-synthesis    ; sld_signaltap:auto_signaltap_0|~GND                                      ; N/A                                                                                                    ;
; auto_signaltap_0|gnd                                                             ; post-fitting ; connected ; sld_signaltap:auto_signaltap_0 ; post-synthesis    ; sld_signaltap:auto_signaltap_0|~GND                                      ; N/A                                                                                                    ;
; auto_signaltap_0|gnd                                                             ; post-fitting ; connected ; sld_signaltap:auto_signaltap_0 ; post-synthesis    ; sld_signaltap:auto_signaltap_0|~GND                                      ; N/A                                                                                                    ;
; auto_signaltap_0|gnd                                                             ; post-fitting ; connected ; sld_signaltap:auto_signaltap_0 ; post-synthesis    ; sld_signaltap:auto_signaltap_0|~GND                                      ; N/A                                                                                                    ;
; auto_signaltap_0|gnd                                                             ; post-fitting ; connected ; sld_signaltap:auto_signaltap_0 ; post-synthesis    ; sld_signaltap:auto_signaltap_0|~GND                                      ; N/A                                                                                                    ;
; auto_signaltap_0|gnd                                                             ; post-fitting ; connected ; sld_signaltap:auto_signaltap_0 ; post-synthesis    ; sld_signaltap:auto_signaltap_0|~GND                                      ; N/A                                                                                                    ;
; auto_signaltap_0|gnd                                                             ; post-fitting ; connected ; sld_signaltap:auto_signaltap_0 ; post-synthesis    ; sld_signaltap:auto_signaltap_0|~GND                                      ; N/A                                                                                                    ;
; auto_signaltap_0|gnd                                                             ; post-fitting ; connected ; sld_signaltap:auto_signaltap_0 ; post-synthesis    ; sld_signaltap:auto_signaltap_0|~GND                                      ; N/A                                                                                                    ;
; auto_signaltap_0|vcc                                                             ; post-fitting ; connected ; sld_signaltap:auto_signaltap_0 ; post-synthesis    ; sld_signaltap:auto_signaltap_0|~VCC                                      ; N/A                                                                                                    ;
; auto_signaltap_0|vcc                                                             ; post-fitting ; connected ; sld_signaltap:auto_signaltap_0 ; post-synthesis    ; sld_signaltap:auto_signaltap_0|~VCC                                      ; N/A                                                                                                    ;
; auto_signaltap_0|vcc                                                             ; post-fitting ; connected ; sld_signaltap:auto_signaltap_0 ; post-synthesis    ; sld_signaltap:auto_signaltap_0|~VCC                                      ; N/A                                                                                                    ;
; auto_signaltap_0|vcc                                                             ; post-fitting ; connected ; sld_signaltap:auto_signaltap_0 ; post-synthesis    ; sld_signaltap:auto_signaltap_0|~VCC                                      ; N/A                                                                                                    ;
; auto_signaltap_0|vcc                                                             ; post-fitting ; connected ; sld_signaltap:auto_signaltap_0 ; post-synthesis    ; sld_signaltap:auto_signaltap_0|~VCC                                      ; N/A                                                                                                    ;
; auto_signaltap_0|vcc                                                             ; post-fitting ; connected ; sld_signaltap:auto_signaltap_0 ; post-synthesis    ; sld_signaltap:auto_signaltap_0|~VCC                                      ; N/A                                                                                                    ;
; auto_signaltap_0|vcc                                                             ; post-fitting ; connected ; sld_signaltap:auto_signaltap_0 ; post-synthesis    ; sld_signaltap:auto_signaltap_0|~VCC                                      ; N/A                                                                                                    ;
; auto_signaltap_0|vcc                                                             ; post-fitting ; connected ; sld_signaltap:auto_signaltap_0 ; post-synthesis    ; sld_signaltap:auto_signaltap_0|~VCC                                      ; N/A                                                                                                    ;
; auto_signaltap_0|vcc                                                             ; post-fitting ; connected ; sld_signaltap:auto_signaltap_0 ; post-synthesis    ; sld_signaltap:auto_signaltap_0|~VCC                                      ; N/A                                                                                                    ;
; auto_signaltap_0|vcc                                                             ; post-fitting ; connected ; sld_signaltap:auto_signaltap_0 ; post-synthesis    ; sld_signaltap:auto_signaltap_0|~VCC                                      ; N/A                                                                                                    ;
; auto_signaltap_0|vcc                                                             ; post-fitting ; connected ; sld_signaltap:auto_signaltap_0 ; post-synthesis    ; sld_signaltap:auto_signaltap_0|~VCC                                      ; N/A                                                                                                    ;
; auto_signaltap_0|vcc                                                             ; post-fitting ; connected ; sld_signaltap:auto_signaltap_0 ; post-synthesis    ; sld_signaltap:auto_signaltap_0|~VCC                                      ; N/A                                                                                                    ;
; auto_signaltap_0|vcc                                                             ; post-fitting ; connected ; sld_signaltap:auto_signaltap_0 ; post-synthesis    ; sld_signaltap:auto_signaltap_0|~VCC                                      ; N/A                                                                                                    ;
; auto_signaltap_0|vcc                                                             ; post-fitting ; connected ; sld_signaltap:auto_signaltap_0 ; post-synthesis    ; sld_signaltap:auto_signaltap_0|~VCC                                      ; N/A                                                                                                    ;
; auto_signaltap_0|vcc                                                             ; post-fitting ; connected ; sld_signaltap:auto_signaltap_0 ; post-synthesis    ; sld_signaltap:auto_signaltap_0|~VCC                                      ; N/A                                                                                                    ;
; auto_signaltap_0|vcc                                                             ; post-fitting ; connected ; sld_signaltap:auto_signaltap_0 ; post-synthesis    ; sld_signaltap:auto_signaltap_0|~VCC                                      ; N/A                                                                                                    ;
; auto_signaltap_0|vcc                                                             ; post-fitting ; connected ; sld_signaltap:auto_signaltap_0 ; post-synthesis    ; sld_signaltap:auto_signaltap_0|~VCC                                      ; N/A                                                                                                    ;
; auto_signaltap_0|vcc                                                             ; post-fitting ; connected ; sld_signaltap:auto_signaltap_0 ; post-synthesis    ; sld_signaltap:auto_signaltap_0|~VCC                                      ; N/A                                                                                                    ;
; clock_div:inst|out_clk                                                           ; post-fitting ; missing   ; Top                            ; post-synthesis    ; GND                                                                      ; A newer post-synthesis netlist was used.  Recompile again after fitting to succesfully tap the signal. ;
; clock_div:inst|out_clk                                                           ; post-fitting ; missing   ; Top                            ; post-synthesis    ; GND                                                                      ; A newer post-synthesis netlist was used.  Recompile again after fitting to succesfully tap the signal. ;
; myPLL:inst9|myPLL_0002:mypll_inst|altera_pll:altera_pll_i|outclk_wire[0]~CLKENA0 ; post-fitting ; connected ; Top                            ; post-synthesis    ; myPLL:inst9|myPLL_0002:mypll_inst|altera_pll:altera_pll_i|outclk_wire[0] ; N/A                                                                                                    ;
+----------------------------------------------------------------------------------+--------------+-----------+--------------------------------+-------------------+--------------------------------------------------------------------------+--------------------------------------------------------------------------------------------------------+


+----------------------------------------------------------------------------------------------------------------------------------------+
; Partition Merge Partition Statistics                                                                                                   ;
+---------------------------------------------+-----+------------------+--------------------------------+--------------------------------+
; Statistic                                   ; Top ; sld_hub:auto_hub ; sld_signaltap:auto_signaltap_0 ; hard_block:auto_generated_inst ;
+---------------------------------------------+-----+------------------+--------------------------------+--------------------------------+
; Estimate of Logic utilization (ALMs needed) ; 55  ; 59               ; 183                            ; 0                              ;
;                                             ;     ;                  ;                                ;                                ;
; Combinational ALUT usage for logic          ; 110 ; 91               ; 207                            ; 0                              ;
;     -- 7 input functions                    ; 0   ; 1                ; 0                              ; 0                              ;
;     -- 6 input functions                    ; 2   ; 9                ; 58                             ; 0                              ;
;     -- 5 input functions                    ; 7   ; 25               ; 28                             ; 0                              ;
;     -- 4 input functions                    ; 45  ; 16               ; 22                             ; 0                              ;
;     -- <=3 input functions                  ; 56  ; 40               ; 99                             ; 0                              ;
; Memory ALUT usage                           ; 0   ; 0                ; 0                              ; 0                              ;
;     -- 64-address deep                      ; 0   ; 0                ; 0                              ; 0                              ;
;     -- 32-address deep                      ; 0   ; 0                ; 0                              ; 0                              ;
;                                             ;     ;                  ;                                ;                                ;
; Dedicated logic registers                   ; 95  ; 90               ; 317                            ; 0                              ;
;                                             ;     ;                  ;                                ;                                ;
;                                             ;     ;                  ;                                ;                                ;
; I/O pins                                    ; 44  ; 0                ; 0                              ; 2                              ;
; I/O registers                               ; 0   ; 0                ; 0                              ; 0                              ;
; Total block memory bits                     ; 0   ; 0                ; 512                            ; 0                              ;
; Total block memory implementation bits      ; 0   ; 0                ; 0                              ; 0                              ;
; JTAG                                        ; 0   ; 0                ; 0                              ; 1                              ;
;                                             ;     ;                  ;                                ;                                ;
; Connections                                 ;     ;                  ;                                ;                                ;
;     -- Input Connections                    ; 29  ; 133              ; 581                            ; 1                              ;
;     -- Registered Input Connections         ; 29  ; 109              ; 344                            ; 0                              ;
;     -- Output Connections                   ; 6   ; 221              ; 34                             ; 483                            ;
;     -- Registered Output Connections        ; 0   ; 220              ; 0                              ; 0                              ;
;                                             ;     ;                  ;                                ;                                ;
; Internal Connections                        ;     ;                  ;                                ;                                ;
;     -- Total Connections                    ; 721 ; 855              ; 2083                           ; 497                            ;
;     -- Registered Connections               ; 404 ; 678              ; 1133                           ; 0                              ;
;                                             ;     ;                  ;                                ;                                ;
; External Connections                        ;     ;                  ;                                ;                                ;
;     -- Top                                  ; 0   ; 0                ; 6                              ; 29                             ;
;     -- sld_hub:auto_hub                     ; 0   ; 20               ; 212                            ; 122                            ;
;     -- sld_signaltap:auto_signaltap_0       ; 6   ; 212              ; 64                             ; 333                            ;
;     -- hard_block:auto_generated_inst       ; 29  ; 122              ; 333                            ; 0                              ;
;                                             ;     ;                  ;                                ;                                ;
; Partition Interface                         ;     ;                  ;                                ;                                ;
;     -- Input Ports                          ; 7   ; 44               ; 80                             ; 6                              ;
;     -- Output Ports                         ; 43  ; 62               ; 23                             ; 11                             ;
;     -- Bidir Ports                          ; 0   ; 0                ; 0                              ; 0                              ;
;                                             ;     ;                  ;                                ;                                ;
; Registered Ports                            ;     ;                  ;                                ;                                ;
;     -- Registered Input Ports               ; 0   ; 13               ; 13                             ; 0                              ;
;     -- Registered Output Ports              ; 0   ; 28               ; 9                              ; 0                              ;
;                                             ;     ;                  ;                                ;                                ;
; Port Connectivity                           ;     ;                  ;                                ;                                ;
;     -- Input Ports driven by GND            ; 0   ; 0                ; 16                             ; 0                              ;
;     -- Output Ports driven by GND           ; 0   ; 28               ; 2                              ; 0                              ;
;     -- Input Ports driven by VCC            ; 0   ; 0                ; 18                             ; 0                              ;
;     -- Output Ports driven by VCC           ; 0   ; 0                ; 1                              ; 0                              ;
;     -- Input Ports with no Source           ; 0   ; 24               ; 7                              ; 0                              ;
;     -- Output Ports with no Source          ; 0   ; 0                ; 0                              ; 0                              ;
;     -- Input Ports with no Fanout           ; 0   ; 29               ; 21                             ; 0                              ;
;     -- Output Ports with no Fanout          ; 0   ; 29               ; 11                             ; 0                              ;
+---------------------------------------------+-----+------------------+--------------------------------+--------------------------------+
Note: Resource usage numbers presented for Partitions containing post-synthesis logic are estimates.  For Partitions containing post-fit logic, resource usage numbers are accurate based on previous placement information.  Actual Fitter results may vary depending on current Fitter Preservation Level assignments.


+----------------------------------------------------------------------------------------+
; Partition Merge Partition Pin Processing                                               ;
+-----------------------------------+-----------+---------------+----------+-------------+
; Name                              ; Partition ; Type          ; Location ; Status      ;
+-----------------------------------+-----------+---------------+----------+-------------+
; CLK50                             ; Top       ; Input Port    ; n/a      ;             ;
;     -- CLK50                      ; Top       ; Input Pad     ; Unplaced ; Synthesized ;
;     -- CLK50~input                ; Top       ; Input Buffer  ; Unplaced ; Synthesized ;
;                                   ;           ;               ;          ;             ;
; HEX0[0]                           ; Top       ; Output Port   ; n/a      ;             ;
;     -- HEX0[0]                    ; Top       ; Output Pad    ; Unplaced ; Synthesized ;
;     -- HEX0[0]~output             ; Top       ; Output Buffer ; Unplaced ; Synthesized ;
;                                   ;           ;               ;          ;             ;
; HEX0[1]                           ; Top       ; Output Port   ; n/a      ;             ;
;     -- HEX0[1]                    ; Top       ; Output Pad    ; Unplaced ; Synthesized ;
;     -- HEX0[1]~output             ; Top       ; Output Buffer ; Unplaced ; Synthesized ;
;                                   ;           ;               ;          ;             ;
; HEX0[2]                           ; Top       ; Output Port   ; n/a      ;             ;
;     -- HEX0[2]                    ; Top       ; Output Pad    ; Unplaced ; Synthesized ;
;     -- HEX0[2]~output             ; Top       ; Output Buffer ; Unplaced ; Synthesized ;
;                                   ;           ;               ;          ;             ;
; HEX0[3]                           ; Top       ; Output Port   ; n/a      ;             ;
;     -- HEX0[3]                    ; Top       ; Output Pad    ; Unplaced ; Synthesized ;
;     -- HEX0[3]~output             ; Top       ; Output Buffer ; Unplaced ; Synthesized ;
;                                   ;           ;               ;          ;             ;
; HEX0[4]                           ; Top       ; Output Port   ; n/a      ;             ;
;     -- HEX0[4]                    ; Top       ; Output Pad    ; Unplaced ; Synthesized ;
;     -- HEX0[4]~output             ; Top       ; Output Buffer ; Unplaced ; Synthesized ;
;                                   ;           ;               ;          ;             ;
; HEX0[5]                           ; Top       ; Output Port   ; n/a      ;             ;
;     -- HEX0[5]                    ; Top       ; Output Pad    ; Unplaced ; Synthesized ;
;     -- HEX0[5]~output             ; Top       ; Output Buffer ; Unplaced ; Synthesized ;
;                                   ;           ;               ;          ;             ;
; HEX0[6]                           ; Top       ; Output Port   ; n/a      ;             ;
;     -- HEX0[6]                    ; Top       ; Output Pad    ; Unplaced ; Synthesized ;
;     -- HEX0[6]~output             ; Top       ; Output Buffer ; Unplaced ; Synthesized ;
;                                   ;           ;               ;          ;             ;
; HEX1[0]                           ; Top       ; Output Port   ; n/a      ;             ;
;     -- HEX1[0]                    ; Top       ; Output Pad    ; Unplaced ; Synthesized ;
;     -- HEX1[0]~output             ; Top       ; Output Buffer ; Unplaced ; Synthesized ;
;                                   ;           ;               ;          ;             ;
; HEX1[1]                           ; Top       ; Output Port   ; n/a      ;             ;
;     -- HEX1[1]                    ; Top       ; Output Pad    ; Unplaced ; Synthesized ;
;     -- HEX1[1]~output             ; Top       ; Output Buffer ; Unplaced ; Synthesized ;
;                                   ;           ;               ;          ;             ;
; HEX1[2]                           ; Top       ; Output Port   ; n/a      ;             ;
;     -- HEX1[2]                    ; Top       ; Output Pad    ; Unplaced ; Synthesized ;
;     -- HEX1[2]~output             ; Top       ; Output Buffer ; Unplaced ; Synthesized ;
;                                   ;           ;               ;          ;             ;
; HEX1[3]                           ; Top       ; Output Port   ; n/a      ;             ;
;     -- HEX1[3]                    ; Top       ; Output Pad    ; Unplaced ; Synthesized ;
;     -- HEX1[3]~output             ; Top       ; Output Buffer ; Unplaced ; Synthesized ;
;                                   ;           ;               ;          ;             ;
; HEX1[4]                           ; Top       ; Output Port   ; n/a      ;             ;
;     -- HEX1[4]                    ; Top       ; Output Pad    ; Unplaced ; Synthesized ;
;     -- HEX1[4]~output             ; Top       ; Output Buffer ; Unplaced ; Synthesized ;
;                                   ;           ;               ;          ;             ;
; HEX1[5]                           ; Top       ; Output Port   ; n/a      ;             ;
;     -- HEX1[5]                    ; Top       ; Output Pad    ; Unplaced ; Synthesized ;
;     -- HEX1[5]~output             ; Top       ; Output Buffer ; Unplaced ; Synthesized ;
;                                   ;           ;               ;          ;             ;
; HEX1[6]                           ; Top       ; Output Port   ; n/a      ;             ;
;     -- HEX1[6]                    ; Top       ; Output Pad    ; Unplaced ; Synthesized ;
;     -- HEX1[6]~output             ; Top       ; Output Buffer ; Unplaced ; Synthesized ;
;                                   ;           ;               ;          ;             ;
; HEX2[0]                           ; Top       ; Output Port   ; n/a      ;             ;
;     -- HEX2[0]                    ; Top       ; Output Pad    ; Unplaced ; Synthesized ;
;     -- HEX2[0]~output             ; Top       ; Output Buffer ; Unplaced ; Synthesized ;
;                                   ;           ;               ;          ;             ;
; HEX2[1]                           ; Top       ; Output Port   ; n/a      ;             ;
;     -- HEX2[1]                    ; Top       ; Output Pad    ; Unplaced ; Synthesized ;
;     -- HEX2[1]~output             ; Top       ; Output Buffer ; Unplaced ; Synthesized ;
;                                   ;           ;               ;          ;             ;
; HEX2[2]                           ; Top       ; Output Port   ; n/a      ;             ;
;     -- HEX2[2]                    ; Top       ; Output Pad    ; Unplaced ; Synthesized ;
;     -- HEX2[2]~output             ; Top       ; Output Buffer ; Unplaced ; Synthesized ;
;                                   ;           ;               ;          ;             ;
; HEX2[3]                           ; Top       ; Output Port   ; n/a      ;             ;
;     -- HEX2[3]                    ; Top       ; Output Pad    ; Unplaced ; Synthesized ;
;     -- HEX2[3]~output             ; Top       ; Output Buffer ; Unplaced ; Synthesized ;
;                                   ;           ;               ;          ;             ;
; HEX2[4]                           ; Top       ; Output Port   ; n/a      ;             ;
;     -- HEX2[4]                    ; Top       ; Output Pad    ; Unplaced ; Synthesized ;
;     -- HEX2[4]~output             ; Top       ; Output Buffer ; Unplaced ; Synthesized ;
;                                   ;           ;               ;          ;             ;
; HEX2[5]                           ; Top       ; Output Port   ; n/a      ;             ;
;     -- HEX2[5]                    ; Top       ; Output Pad    ; Unplaced ; Synthesized ;
;     -- HEX2[5]~output             ; Top       ; Output Buffer ; Unplaced ; Synthesized ;
;                                   ;           ;               ;          ;             ;
; HEX2[6]                           ; Top       ; Output Port   ; n/a      ;             ;
;     -- HEX2[6]                    ; Top       ; Output Pad    ; Unplaced ; Synthesized ;
;     -- HEX2[6]~output             ; Top       ; Output Buffer ; Unplaced ; Synthesized ;
;                                   ;           ;               ;          ;             ;
; HEX3[0]                           ; Top       ; Output Port   ; n/a      ;             ;
;     -- HEX3[0]                    ; Top       ; Output Pad    ; Unplaced ; Synthesized ;
;     -- HEX3[0]~output             ; Top       ; Output Buffer ; Unplaced ; Synthesized ;
;                                   ;           ;               ;          ;             ;
; HEX3[1]                           ; Top       ; Output Port   ; n/a      ;             ;
;     -- HEX3[1]                    ; Top       ; Output Pad    ; Unplaced ; Synthesized ;
;     -- HEX3[1]~output             ; Top       ; Output Buffer ; Unplaced ; Synthesized ;
;                                   ;           ;               ;          ;             ;
; HEX3[2]                           ; Top       ; Output Port   ; n/a      ;             ;
;     -- HEX3[2]                    ; Top       ; Output Pad    ; Unplaced ; Synthesized ;
;     -- HEX3[2]~output             ; Top       ; Output Buffer ; Unplaced ; Synthesized ;
;                                   ;           ;               ;          ;             ;
; HEX3[3]                           ; Top       ; Output Port   ; n/a      ;             ;
;     -- HEX3[3]                    ; Top       ; Output Pad    ; Unplaced ; Synthesized ;
;     -- HEX3[3]~output             ; Top       ; Output Buffer ; Unplaced ; Synthesized ;
;                                   ;           ;               ;          ;             ;
; HEX3[4]                           ; Top       ; Output Port   ; n/a      ;             ;
;     -- HEX3[4]                    ; Top       ; Output Pad    ; Unplaced ; Synthesized ;
;     -- HEX3[4]~output             ; Top       ; Output Buffer ; Unplaced ; Synthesized ;
;                                   ;           ;               ;          ;             ;
; HEX3[5]                           ; Top       ; Output Port   ; n/a      ;             ;
;     -- HEX3[5]                    ; Top       ; Output Pad    ; Unplaced ; Synthesized ;
;     -- HEX3[5]~output             ; Top       ; Output Buffer ; Unplaced ; Synthesized ;
;                                   ;           ;               ;          ;             ;
; HEX3[6]                           ; Top       ; Output Port   ; n/a      ;             ;
;     -- HEX3[6]                    ; Top       ; Output Pad    ; Unplaced ; Synthesized ;
;     -- HEX3[6]~output             ; Top       ; Output Buffer ; Unplaced ; Synthesized ;
;                                   ;           ;               ;          ;             ;
; HEX4[0]                           ; Top       ; Output Port   ; n/a      ;             ;
;     -- HEX4[0]                    ; Top       ; Output Pad    ; Unplaced ; Synthesized ;
;     -- HEX4[0]~output             ; Top       ; Output Buffer ; Unplaced ; Synthesized ;
;                                   ;           ;               ;          ;             ;
; HEX4[1]                           ; Top       ; Output Port   ; n/a      ;             ;
;     -- HEX4[1]                    ; Top       ; Output Pad    ; Unplaced ; Synthesized ;
;     -- HEX4[1]~output             ; Top       ; Output Buffer ; Unplaced ; Synthesized ;
;                                   ;           ;               ;          ;             ;
; HEX4[2]                           ; Top       ; Output Port   ; n/a      ;             ;
;     -- HEX4[2]                    ; Top       ; Output Pad    ; Unplaced ; Synthesized ;
;     -- HEX4[2]~output             ; Top       ; Output Buffer ; Unplaced ; Synthesized ;
;                                   ;           ;               ;          ;             ;
; HEX4[3]                           ; Top       ; Output Port   ; n/a      ;             ;
;     -- HEX4[3]                    ; Top       ; Output Pad    ; Unplaced ; Synthesized ;
;     -- HEX4[3]~output             ; Top       ; Output Buffer ; Unplaced ; Synthesized ;
;                                   ;           ;               ;          ;             ;
; HEX4[4]                           ; Top       ; Output Port   ; n/a      ;             ;
;     -- HEX4[4]                    ; Top       ; Output Pad    ; Unplaced ; Synthesized ;
;     -- HEX4[4]~output             ; Top       ; Output Buffer ; Unplaced ; Synthesized ;
;                                   ;           ;               ;          ;             ;
; HEX4[5]                           ; Top       ; Output Port   ; n/a      ;             ;
;     -- HEX4[5]                    ; Top       ; Output Pad    ; Unplaced ; Synthesized ;
;     -- HEX4[5]~output             ; Top       ; Output Buffer ; Unplaced ; Synthesized ;
;                                   ;           ;               ;          ;             ;
; HEX4[6]                           ; Top       ; Output Port   ; n/a      ;             ;
;     -- HEX4[6]                    ; Top       ; Output Pad    ; Unplaced ; Synthesized ;
;     -- HEX4[6]~output             ; Top       ; Output Buffer ; Unplaced ; Synthesized ;
;                                   ;           ;               ;          ;             ;
; HEX5[0]                           ; Top       ; Output Port   ; n/a      ;             ;
;     -- HEX5[0]                    ; Top       ; Output Pad    ; Unplaced ; Synthesized ;
;     -- HEX5[0]~output             ; Top       ; Output Buffer ; Unplaced ; Synthesized ;
;                                   ;           ;               ;          ;             ;
; HEX5[1]                           ; Top       ; Output Port   ; n/a      ;             ;
;     -- HEX5[1]                    ; Top       ; Output Pad    ; Unplaced ; Synthesized ;
;     -- HEX5[1]~output             ; Top       ; Output Buffer ; Unplaced ; Synthesized ;
;                                   ;           ;               ;          ;             ;
; HEX5[2]                           ; Top       ; Output Port   ; n/a      ;             ;
;     -- HEX5[2]                    ; Top       ; Output Pad    ; Unplaced ; Synthesized ;
;     -- HEX5[2]~output             ; Top       ; Output Buffer ; Unplaced ; Synthesized ;
;                                   ;           ;               ;          ;             ;
; HEX5[3]                           ; Top       ; Output Port   ; n/a      ;             ;
;     -- HEX5[3]                    ; Top       ; Output Pad    ; Unplaced ; Synthesized ;
;     -- HEX5[3]~output             ; Top       ; Output Buffer ; Unplaced ; Synthesized ;
;                                   ;           ;               ;          ;             ;
; HEX5[4]                           ; Top       ; Output Port   ; n/a      ;             ;
;     -- HEX5[4]                    ; Top       ; Output Pad    ; Unplaced ; Synthesized ;
;     -- HEX5[4]~output             ; Top       ; Output Buffer ; Unplaced ; Synthesized ;
;                                   ;           ;               ;          ;             ;
; HEX5[5]                           ; Top       ; Output Port   ; n/a      ;             ;
;     -- HEX5[5]                    ; Top       ; Output Pad    ; Unplaced ; Synthesized ;
;     -- HEX5[5]~output             ; Top       ; Output Buffer ; Unplaced ; Synthesized ;
;                                   ;           ;               ;          ;             ;
; HEX5[6]                           ; Top       ; Output Port   ; n/a      ;             ;
;     -- HEX5[6]                    ; Top       ; Output Pad    ; Unplaced ; Synthesized ;
;     -- HEX5[6]~output             ; Top       ; Output Buffer ; Unplaced ; Synthesized ;
;                                   ;           ;               ;          ;             ;
; KEY0                              ; Top       ; Input Port    ; n/a      ;             ;
;     -- KEY0                       ; Top       ; Input Pad     ; Unplaced ; Synthesized ;
;     -- KEY0~input                 ; Top       ; Input Buffer  ; Unplaced ; Synthesized ;
;                                   ;           ;               ;          ;             ;
; KEY3                              ; Top       ; Input Port    ; n/a      ;             ;
;     -- KEY3                       ; Top       ; Input Pad     ; Unplaced ; Synthesized ;
;     -- KEY3~input                 ; Top       ; Input Buffer  ; Unplaced ; Synthesized ;
;                                   ;           ;               ;          ;             ;
; SW[0]                             ; Top       ; Input Port    ; n/a      ;             ;
;     -- SW[0]                      ; Top       ; Input Pad     ; Unplaced ; Synthesized ;
;     -- SW[0]~input                ; Top       ; Input Buffer  ; Unplaced ; Synthesized ;
;                                   ;           ;               ;          ;             ;
; altera_reserved_tck               ; Top       ; Input Port    ; n/a      ;             ;
;     -- altera_reserved_tck        ; Top       ; Input Pad     ; Unplaced ; Synthesized ;
;     -- altera_reserved_tck~input  ; Top       ; Input Buffer  ; Unplaced ; Synthesized ;
;                                   ;           ;               ;          ;             ;
; altera_reserved_tdi               ; Top       ; Input Port    ; n/a      ;             ;
;     -- altera_reserved_tdi        ; Top       ; Input Pad     ; Unplaced ; Synthesized ;
;     -- altera_reserved_tdi~input  ; Top       ; Input Buffer  ; Unplaced ; Synthesized ;
;                                   ;           ;               ;          ;             ;
; altera_reserved_tdo               ; Top       ; Output Port   ; n/a      ;             ;
;     -- altera_reserved_tdo        ; Top       ; Output Pad    ; Unplaced ; Synthesized ;
;     -- altera_reserved_tdo~output ; Top       ; Output Buffer ; Unplaced ; Synthesized ;
;                                   ;           ;               ;          ;             ;
; altera_reserved_tms               ; Top       ; Input Port    ; n/a      ;             ;
;     -- altera_reserved_tms        ; Top       ; Input Pad     ; Unplaced ; Synthesized ;
;     -- altera_reserved_tms~input  ; Top       ; Input Buffer  ; Unplaced ; Synthesized ;
;                                   ;           ;               ;          ;             ;
+-----------------------------------+-----------+---------------+----------+-------------+


+------------------------------------------------------------------------+
; Partition Merge Resource Usage Summary                                 ;
+---------------------------------------------+--------------------------+
; Resource                                    ; Usage                    ;
+---------------------------------------------+--------------------------+
; Estimate of Logic utilization (ALMs needed) ; 296                      ;
;                                             ;                          ;
; Combinational ALUT usage for logic          ; 408                      ;
;     -- 7 input functions                    ; 1                        ;
;     -- 6 input functions                    ; 69                       ;
;     -- 5 input functions                    ; 60                       ;
;     -- 4 input functions                    ; 83                       ;
;     -- <=3 input functions                  ; 195                      ;
;                                             ;                          ;
; Dedicated logic registers                   ; 502                      ;
;                                             ;                          ;
; I/O pins                                    ; 46                       ;
; Total MLAB memory bits                      ; 0                        ;
; Total block memory bits                     ; 512                      ;
;                                             ;                          ;
; Total DSP Blocks                            ; 0                        ;
;                                             ;                          ;
; Total PLLs                                  ; 1                        ;
;     -- PLLs                                 ; 1                        ;
;                                             ;                          ;
; Maximum fan-out node                        ; altera_internal_jtag~TDO ;
; Maximum fan-out                             ; 305                      ;
; Total fan-out                               ; 3421                     ;
; Average fan-out                             ; 3.37                     ;
+---------------------------------------------+--------------------------+


+-----------------------------------------------------------------------------------------------------------------------------------------------------------------------------------------------------------------------------------------------------------------------------------------------------------+
; Partition Merge RAM Summary                                                                                                                                                                                                                                                                               ;
+-------------------------------------------------------------------------------------------------------------------------------------------------------------------------------------------------------+------+------------------+--------------+--------------+--------------+--------------+------+------+
; Name                                                                                                                                                                                                  ; Type ; Mode             ; Port A Depth ; Port A Width ; Port B Depth ; Port B Width ; Size ; MIF  ;
+-------------------------------------------------------------------------------------------------------------------------------------------------------------------------------------------------------+------+------------------+--------------+--------------+--------------+--------------+------+------+
; sld_signaltap:auto_signaltap_0|sld_signaltap_impl:sld_signaltap_body|sld_signaltap_implb:sld_signaltap_body|altsyncram:\stp_non_zero_ram_gen:stp_buffer_ram|altsyncram_o184:auto_generated|ALTSYNCRAM ; AUTO ; Simple Dual Port ; 128          ; 4            ; 128          ; 4            ; 512  ; None ;
+-------------------------------------------------------------------------------------------------------------------------------------------------------------------------------------------------------+------+------------------+--------------+--------------+--------------+--------------+------+------+


+--------------------------+
; Partition Merge Messages ;
+--------------------------+
Info: *******************************************************************
Info: Running Quartus Prime Partition Merge
    Info: Version 15.1.0 Build 185 10/21/2015 SJ Standard Edition
    Info: Processing started: Tue May 15 13:48:37 2018
Info: Command: quartus_cdb --read_settings_files=off --write_settings_files=off LAB11_asyCounter -c LAB11_asyCounter --merge=on
Warning (35010): Previously generated Fitter netlist for partition "Top" is older than current Synthesis netlist -- using the current Synthesis netlist instead to ensure that the latest source changes are included
    Info (35011): Set the option to Ignore source file changes to force the Quartus Prime software to always use a previously generated Fitter netlist
Info (35007): Using synthesis netlist for partition "Top"
Info (35007): Using synthesis netlist for partition "sld_hub:auto_hub"
Info (35007): Using synthesis netlist for partition "sld_signaltap:auto_signaltap_0"
Critical Warning (35025): Partially connected in-system debug instance "auto_signaltap_0" to 39 of its 41 required data inputs, trigger inputs, acquisition clocks, and dynamic pins.  There were 0 illegal, 0 inaccessible, and 2 missing sources or connections.
Info (35002): Resolved and merged 3 partition(s)
Info (16010): Generating hard_block partition "hard_block:auto_generated_inst"
    Info (16011): Adding 14 node(s), including 0 DDIO, 1 PLL, 0 transceiver and 0 LCELL
Info (21057): Implemented 706 device resources after synthesis - the final resource count might be different
    Info (21058): Implemented 7 input pins
    Info (21059): Implemented 43 output pins
    Info (21061): Implemented 650 logic cells
    Info (21064): Implemented 4 RAM segments
    Info (21065): Implemented 1 PLLs
Info: Quartus Prime Partition Merge was successful. 0 errors, 2 warnings
    Info: Peak virtual memory: 855 megabytes
    Info: Processing ended: Tue May 15 13:49:07 2018
    Info: Elapsed time: 00:00:30
    Info: Total CPU time (on all processors): 00:00:02


